HI my name is doraemon. Its my first time to use GitHub!
SOGANG@DESKTOP-0HBUQU7 MINGW64 ~/Desktop/EX (master)
$ git remote add origin https://github.com/Toragonite/comsil_5_github.git

SOGANG@DESKTOP-0HBUQU7 MINGW64 ~/Desktop/EX (master)
$ git remote --v
origin  https://github.com/Toragonite/comsil_5_github.git (fetch)
origin  https://github.com/Toragonite/comsil_5_github.git (push)

SOGANG@DESKTOP-0HBUQU7 MINGW64 ~/Desktop/EX (master)
$ git add *
warning: in the working copy of 'LinkedList.h', LF will be replaced by CRLF the next time Git touches it
warning: in the working copy of 'Makefile', LF will be replaced by CRLF the next time Git touches it
warning: in the working copy of 'Stack.h', LF will be replaced by CRLF the next time Git touches it
warning: in the working copy of 'main.cpp', LF will be replaced by CRLF the next time Git touches it

SOGANG@DESKTOP-0HBUQU7 MINGW64 ~/Desktop/EX (master)
$ git status
On branch master

No commits yet

Changes to be committed:
  (use "git rm --cached <file>..." to unstage)
        new file:   LinkedList.h
        new file:   Makefile
        new file:   Stack.h
        new file:   main.cpp


SOGANG@DESKTOP-0HBUQU7 MINGW64 ~/Desktop/EX (master)
$ git commit -m "실습1"
Author identity unknown

*** Please tell me who you are.

Run

  git config --global user.email "you@example.com"
  git config --global user.name "Your Name"

to set your account's default identity.
Omit --global to set the identity only in this repository.

fatal: unable to auto-detect email address (got 'SOGANG@DESKTOP-0HBUQU7.(none)')

SOGANG@DESKTOP-0HBUQU7 MINGW64 ~/Desktop/EX (master)
$ git push origin master
error: src refspec master does not match any
error: failed to push some refs to 'https://github.com/Toragonite/comsil_5_github.git'

SOGANG@DESKTOP-0HBUQU7 MINGW64 ~/Desktop/EX (master)
$ --global
bash: --global: command not found

SOGANG@DESKTOP-0HBUQU7 MINGW64 ~/Desktop/EX (master)
$ git config --global user.emal "doraemon98@sogang.ac.kr"

SOGANG@DESKTOP-0HBUQU7 MINGW64 ~/Desktop/EX (master)
$ git config --global user.name "Toragonite"

SOGANG@DESKTOP-0HBUQU7 MINGW64 ~/Desktop/EX (master)
$ git commit -m "실습1"
Author identity unknown

*** Please tell me who you are.

Run

  git config --global user.email "you@example.com"
  git config --global user.name "Your Name"

to set your account's default identity.
Omit --global to set the identity only in this repository.

fatal: unable to auto-detect email address (got 'SOGANG@DESKTOP-0HBUQU7.(none)')

SOGANG@DESKTOP-0HBUQU7 MINGW64 ~/Desktop/EX (master)
$ git config --list
diff.astextplain.textconv=astextplain
filter.lfs.clean=git-lfs clean -- %f
filter.lfs.smudge=git-lfs smudge -- %f
filter.lfs.process=git-lfs filter-process
filter.lfs.required=true
http.sslbackend=openssl
http.sslcainfo=C:/Program Files/Git/mingw64/etc/ssl/certs/ca-bundle.crt
core.autocrlf=true
core.fscache=true
core.symlinks=false
pull.rebase=false
credential.helper=manager
credential.https://dev.azure.com.usehttppath=true
init.defaultbranch=master
user.emal=doraemon98@sogang.ac.kr
user.name=Toragonite
core.repositoryformatversion=0
core.filemode=false
core.bare=false
core.logallrefupdates=true
core.symlinks=false
core.ignorecase=true
remote.origin.url=https://github.com/Toragonite/comsil_5_github.git
remote.origin.fetch=+refs/heads/*:refs/remotes/origin/*

SOGANG@DESKTOP-0HBUQU7 MINGW64 ~/Desktop/EX (master)
$ git config -global user.email "doraemon98@sogang.ac.kr"
error: did you mean `--global` (with two dashes)?

SOGANG@DESKTOP-0HBUQU7 MINGW64 ~/Desktop/EX (master)
$ git config --global user.email "doraemon98@sogang.ac.kr"

SOGANG@DESKTOP-0HBUQU7 MINGW64 ~/Desktop/EX (master)
$ git commit -m "실습1"
[master (root-commit) f5615cd] 실습1
 4 files changed, 227 insertions(+)
 create mode 100644 LinkedList.h
 create mode 100644 Makefile
 create mode 100644 Stack.h
 create mode 100644 main.cpp

SOGANG@DESKTOP-0HBUQU7 MINGW64 ~/Desktop/EX (master)
$ git push origin master
Enumerating objects: 6, done.
Counting objects: 100% (6/6), done.
Delta compression using up to 6 threads
Compressing objects: 100% (6/6), done.
Writing objects: 100% (6/6), 2.64 KiB | 2.64 MiB/s, done.
Total 6 (delta 0), reused 0 (delta 0), pack-reused 0
To https://github.com/Toragonite/comsil_5_github.git
 * [new branch]      master -> master

SOGANG@DESKTOP-0HBUQU7 MINGW64 ~/Desktop/EX (master)
$
